---
source: tests/test_check_insta.rs
expression: "&json_results"
---
[
  {
    "loc": "NORM:11-19",
    "target": 1,
    "kind": "def",
    "pretty": "alloc::collections::btree::map::BTreeMap",
    "sym": "alloc::collections::btree::map::BTreeMap"
  }
]
