---
source: tests/test_check_insta.rs
expression: "&aggr_str"
---
<div role="row" id="line-NORM" class="source-line-with-number">
  <div role="cell"></div>
  <div role="cell"></div>
  <div role="cell" class="line-number" data-line-number="NORM"></div>
  <code role="cell" class="source-line">  <span class="syn_reserved" >pub</span> <span class="syn_reserved" >static</span> <span class="syn_reserved" >ref</span> <span data-symbols="webrender::shader_source::OPTIMIZED_SHADERS,webrender::shader_source::OPTIMIZED_SHADERS" data-i="NORM">OPTIMIZED_SHADERS</span>: <span data-symbols="std::collections::hash::map::HashMap" data-i="NORM">HashMap</span>&lt;(<span data-symbols="webrender_build::shader::ShaderVersion" data-i="NORM">ShaderVersion</span>, &amp;'static str), <span data-symbols="webrender::shader_source::OptimizedSourceWithDigest" data-i="NORM">OptimizedSourceWithDigest</span>> = {
</code>
</div>

