---
source: tests/test_check_insta.rs
expression: "&aggr_str"

---
<div role="row" id="line-52" class="source-line-with-number nesting-sticky-line">
  <div role="cell" class="line-number" data-line-number="52"></div>
  <code role="cell" class="source-line"><span class="syn_reserved" >pub</span> <span class="syn_reserved" >struct</span> <span data-symbols="euclid::rect::Rect" data-i="43" >Rect</span>&lt;<span data-symbols="euclid::T$HirId_{_owner:_DefId(0:5043_~_euclid[330b]::rect::_::{impl#0})__local_id:_0_},euclid::T$HirId_{_owner:_DefId(0:5043_~_euclid[5514]::rect::_::{impl#0})__local_id:_0_},euclid::T$HirId_{_owner:_DefId(0:5043_~_euclid[9377]::rect::_::{impl#0})__local_id:_0_},euclid::T$HirId_{_owner:_DefId(0:5043_~_euclid[f49a]::rect::_::{impl#0})__local_id:_0_},euclid::T$HirId_{_owner:_DefId(0:5051_~_euclid[330b]::rect::_#1::{impl#0})__local_id:_0_},euclid::T$HirId_{_owner:_DefId(0:5051_~_euclid[5514]::rect::_#1::{impl#0})__local_id:_0_},euclid::T$HirId_{_owner:_DefId(0:5051_~_euclid[9377]::rect::_#1::{impl#0})__local_id:_0_},euclid::T$HirId_{_owner:_DefId(0:5051_~_euclid[f49a]::rect::_#1::{impl#0})__local_id:_0_},euclid::T$HirId_{_owner:_DefId(0:5086_~_euclid[330b]::rect::_#1::{impl#0}::deserialize::{impl#2})__local_id:_0_},euclid::T$HirId_{_owner:_DefId(0:5086_~_euclid[5514]::rect::_#1::{impl#0}::deserialize::{impl#2})__local_id:_0_},euclid::T$HirId_{_owner:_DefId(0:5086_~_euclid[9377]::rect::_#1::{impl#0}::deserialize::{impl#2})__local_id:_0_},euclid::T$HirId_{_owner:_DefId(0:5086_~_euclid[f49a]::rect::_#1::{impl#0}::deserialize::{impl#2})__local_id:_0_},euclid::T$HirId_{_owner:_DefId(0:5129_~_euclid[330b]::rect::_#1::{impl#0}::deserialize_in_place::{impl#2})__local_id:_0_},euclid::T$HirId_{_owner:_DefId(0:5129_~_euclid[5514]::rect::_#1::{impl#0}::deserialize_in_place::{impl#2})__local_id:_0_},euclid::T$HirId_{_owner:_DefId(0:5129_~_euclid[9377]::rect::_#1::{impl#0}::deserialize_in_place::{impl#2})__local_id:_0_},euclid::T$HirId_{_owner:_DefId(0:5129_~_euclid[f49a]::rect::_#1::{impl#0}::deserialize_in_place::{impl#2})__local_id:_0_},euclid::rect::Rect::T$HirId_{_owner:_DefId(0:5141_~_euclid[330b]::rect::Rect)__local_id:_0_},euclid::rect::Rect::T$HirId_{_owner:_DefId(0:5141_~_euclid[5514]::rect::Rect)__local_id:_0_},euclid::rect::Rect::T$HirId_{_owner:_DefId(0:5141_~_euclid[9377]::rect::Rect)__local_id:_0_},euclid::rect::Rect::T$HirId_{_owner:_DefId(0:5141_~_euclid[f49a]::rect::Rect)__local_id:_0_},euclid::rect::_::<impl_angle::_::_serde::Deserialize<'de>_for_rect::Rect<T__U>>::deserialize::__Visitor::T$HirId_{_owner:_DefId(0:5080_~_euclid[330b]::rect::_#1::{impl#0}::deserialize::__Visitor)__local_id:_0_},euclid::rect::_::<impl_angle::_::_serde::Deserialize<'de>_for_rect::Rect<T__U>>::deserialize::__Visitor::T$HirId_{_owner:_DefId(0:5080_~_euclid[5514]::rect::_#1::{impl#0}::deserialize::__Visitor)__local_id:_0_},euclid::rect::_::<impl_angle::_::_serde::Deserialize<'de>_for_rect::Rect<T__U>>::deserialize::__Visitor::T$HirId_{_owner:_DefId(0:5080_~_euclid[9377]::rect::_#1::{impl#0}::deserialize::__Visitor)__local_id:_0_},euclid::rect::_::<impl_angle::_::_serde::Deserialize<'de>_for_rect::Rect<T__U>>::deserialize::__Visitor::T$HirId_{_owner:_DefId(0:5080_~_euclid[f49a]::rect::_#1::{impl#0}::deserialize::__Visitor)__local_id:_0_},euclid::rect::_::<impl_angle::_::_serde::Deserialize<'de>_for_rect::Rect<T__U>>::deserialize_in_place::__Visitor::T$HirId_{_owner:_DefId(0:5122_~_euclid[330b]::rect::_#1::{impl#0}::deserialize_in_place::__Visitor)__local_id:_0_},euclid::rect::_::<impl_angle::_::_serde::Deserialize<'de>_for_rect::Rect<T__U>>::deserialize_in_place::__Visitor::T$HirId_{_owner:_DefId(0:5122_~_euclid[5514]::rect::_#1::{impl#0}::deserialize_in_place::__Visitor)__local_id:_0_},euclid::rect::_::<impl_angle::_::_serde::Deserialize<'de>_for_rect::Rect<T__U>>::deserialize_in_place::__Visitor::T$HirId_{_owner:_DefId(0:5122_~_euclid[9377]::rect::_#1::{impl#0}::deserialize_in_place::__Visitor)__local_id:_0_},euclid::rect::_::<impl_angle::_::_serde::Deserialize<'de>_for_rect::Rect<T__U>>::deserialize_in_place::__Visitor::T$HirId_{_owner:_DefId(0:5122_~_euclid[f49a]::rect::_#1::{impl#0}::deserialize_in_place::__Visitor)__local_id:_0_}" data-i="44" >T</span>, <span data-symbols="euclid::U$HirId_{_owner:_DefId(0:5043_~_euclid[330b]::rect::_::{impl#0})__local_id:_0_},euclid::U$HirId_{_owner:_DefId(0:5043_~_euclid[5514]::rect::_::{impl#0})__local_id:_0_},euclid::U$HirId_{_owner:_DefId(0:5043_~_euclid[9377]::rect::_::{impl#0})__local_id:_0_},euclid::U$HirId_{_owner:_DefId(0:5043_~_euclid[f49a]::rect::_::{impl#0})__local_id:_0_},euclid::U$HirId_{_owner:_DefId(0:5051_~_euclid[330b]::rect::_#1::{impl#0})__local_id:_0_},euclid::U$HirId_{_owner:_DefId(0:5051_~_euclid[5514]::rect::_#1::{impl#0})__local_id:_0_},euclid::U$HirId_{_owner:_DefId(0:5051_~_euclid[9377]::rect::_#1::{impl#0})__local_id:_0_},euclid::U$HirId_{_owner:_DefId(0:5051_~_euclid[f49a]::rect::_#1::{impl#0})__local_id:_0_},euclid::U$HirId_{_owner:_DefId(0:5086_~_euclid[330b]::rect::_#1::{impl#0}::deserialize::{impl#2})__local_id:_0_},euclid::U$HirId_{_owner:_DefId(0:5086_~_euclid[5514]::rect::_#1::{impl#0}::deserialize::{impl#2})__local_id:_0_},euclid::U$HirId_{_owner:_DefId(0:5086_~_euclid[9377]::rect::_#1::{impl#0}::deserialize::{impl#2})__local_id:_0_},euclid::U$HirId_{_owner:_DefId(0:5086_~_euclid[f49a]::rect::_#1::{impl#0}::deserialize::{impl#2})__local_id:_0_},euclid::U$HirId_{_owner:_DefId(0:5129_~_euclid[330b]::rect::_#1::{impl#0}::deserialize_in_place::{impl#2})__local_id:_0_},euclid::U$HirId_{_owner:_DefId(0:5129_~_euclid[5514]::rect::_#1::{impl#0}::deserialize_in_place::{impl#2})__local_id:_0_},euclid::U$HirId_{_owner:_DefId(0:5129_~_euclid[9377]::rect::_#1::{impl#0}::deserialize_in_place::{impl#2})__local_id:_0_},euclid::U$HirId_{_owner:_DefId(0:5129_~_euclid[f49a]::rect::_#1::{impl#0}::deserialize_in_place::{impl#2})__local_id:_0_},euclid::rect::Rect::U$HirId_{_owner:_DefId(0:5141_~_euclid[330b]::rect::Rect)__local_id:_0_},euclid::rect::Rect::U$HirId_{_owner:_DefId(0:5141_~_euclid[5514]::rect::Rect)__local_id:_0_},euclid::rect::Rect::U$HirId_{_owner:_DefId(0:5141_~_euclid[9377]::rect::Rect)__local_id:_0_},euclid::rect::Rect::U$HirId_{_owner:_DefId(0:5141_~_euclid[f49a]::rect::Rect)__local_id:_0_},euclid::rect::_::<impl_angle::_::_serde::Deserialize<'de>_for_rect::Rect<T__U>>::deserialize::__Visitor::U$HirId_{_owner:_DefId(0:5080_~_euclid[330b]::rect::_#1::{impl#0}::deserialize::__Visitor)__local_id:_0_},euclid::rect::_::<impl_angle::_::_serde::Deserialize<'de>_for_rect::Rect<T__U>>::deserialize::__Visitor::U$HirId_{_owner:_DefId(0:5080_~_euclid[5514]::rect::_#1::{impl#0}::deserialize::__Visitor)__local_id:_0_},euclid::rect::_::<impl_angle::_::_serde::Deserialize<'de>_for_rect::Rect<T__U>>::deserialize::__Visitor::U$HirId_{_owner:_DefId(0:5080_~_euclid[9377]::rect::_#1::{impl#0}::deserialize::__Visitor)__local_id:_0_},euclid::rect::_::<impl_angle::_::_serde::Deserialize<'de>_for_rect::Rect<T__U>>::deserialize::__Visitor::U$HirId_{_owner:_DefId(0:5080_~_euclid[f49a]::rect::_#1::{impl#0}::deserialize::__Visitor)__local_id:_0_},euclid::rect::_::<impl_angle::_::_serde::Deserialize<'de>_for_rect::Rect<T__U>>::deserialize_in_place::__Visitor::U$HirId_{_owner:_DefId(0:5122_~_euclid[330b]::rect::_#1::{impl#0}::deserialize_in_place::__Visitor)__local_id:_0_},euclid::rect::_::<impl_angle::_::_serde::Deserialize<'de>_for_rect::Rect<T__U>>::deserialize_in_place::__Visitor::U$HirId_{_owner:_DefId(0:5122_~_euclid[5514]::rect::_#1::{impl#0}::deserialize_in_place::__Visitor)__local_id:_0_},euclid::rect::_::<impl_angle::_::_serde::Deserialize<'de>_for_rect::Rect<T__U>>::deserialize_in_place::__Visitor::U$HirId_{_owner:_DefId(0:5122_~_euclid[9377]::rect::_#1::{impl#0}::deserialize_in_place::__Visitor)__local_id:_0_},euclid::rect::_::<impl_angle::_::_serde::Deserialize<'de>_for_rect::Rect<T__U>>::deserialize_in_place::__Visitor::U$HirId_{_owner:_DefId(0:5122_~_euclid[f49a]::rect::_#1::{impl#0}::deserialize_in_place::__Visitor)__local_id:_0_}" data-i="45" >U</span>> {
</code>
</div>

