---
source: tests/test_check_insta.rs
expression: "&aggr_str"

---
<div role="row" id="line-NORM" class="source-line-with-number">
  <div role="cell"></div>
  <div role="cell"></div>
  <div role="cell" class="line-number" data-line-number="NORM"></div>
  <code role="cell" class="source-line">  <span class="syn_reserved" >octet</span>                 <span class="syn_def" data-symbols="_ZN16nsIXPCTestParams9TestOctetEhPhS0_,#testOctet" data-i="NORM">testOctet</span>(<span class="syn_reserved" >in</span> <span class="syn_reserved" >octet</span> a, <span class="syn_reserved" >inout</span> <span class="syn_reserved" >octet</span> b);
</code>
</div>

