---
source: tests/test_check_insta.rs
expression: "&json_results"

---
[
  {
    "kind": "def",
    "loc": "00143:11-19",
    "pretty": "alloc::collections::btree::map::BTreeMap",
    "sym": "alloc::collections::btree::map::BTreeMap",
    "target": 1
  }
]
