---
source: tests/test_check_insta.rs
expression: "&aggr_str"

---
<div role="row" id="line-NORM" class="source-line-with-number nesting-sticky-line">
  <div role="cell"></div>
  <div role="cell"></div>
  <div role="cell" class="line-number" data-line-number="NORM"></div>
  <code role="cell" class="source-line"><span class="syn_reserved" >struct</span> <span data-symbols="webrender_bindings::moz2d_renderer::CacheKey" data-i="NORM">CacheKey</span> {
</code>
</div>

