---
source: tests/test_check_insta.rs
expression: "&json_results"

---
[
  {
    "loc": "NORM:17-34",
    "target": 1,
    "kind": "def",
    "pretty": "webrender::shader_source::OPTIMIZED_SHADERS",
    "sym": "webrender::shader_source::OPTIMIZED_SHADERS"
  }
]
