---
source: tests/test_check_insta.rs
expression: "&json_results"
---
[
  {
    "loc": "NORM:7-15",
    "target": 1,
    "kind": "def",
    "pretty": "webrender_bindings::moz2d_renderer::CacheKey",
    "sym": "webrender_bindings::moz2d_renderer::CacheKey"
  }
]
