---
source: tests/test_check_insta.rs
expression: "&json_results"
---
[
  {
    "loc": "NORM:11-15",
    "target": 1,
    "kind": "def",
    "pretty": "euclid::rect::Rect",
    "sym": "euclid::rect::Rect"
  }
]
