---
source: tests/test_check_insta.rs
expression: "&json_results"
---
[
  {
    "loc": "NORM:11-21",
    "target": 1,
    "kind": "def",
    "pretty": "xpcom::interfaces::idl::nsIChannel",
    "sym": "xpcom::interfaces::idl::nsIChannel"
  }
]
